10.82.56.160 - - [11/Nov/2021:01:14:56 +0100] "POST /~asavu/login_admin.php HTTP/1.1" 200 1143 "http://clabsql.clamv.jacobs-university.de/~asavu/login_admin.php" "Mozilla/5.0 (Windows NT 10.0; Win64; x64) AppleWebKit/537.36 (KHTML, like Gecko) Chrome/95.0.4638.69 Safari/537.36"
10.82.58.160 - - [11/Nov/2021:01:16:07 +0100] "GET /~vsmakaj/maintenance.php HTTP/1.1" 200 7784
10.82.58.160 - - [11/Nov/2021:01:16:08 +0100] "GET /~vsmakaj/backgroundmap.png HTTP/1.1" 304 -
10.82.58.160 - - [11/Nov/2021:01:16:08 +0100] "GET /favicon.ico HTTP/1.1" 200 302
10.82.58.160 - - [11/Nov/2021:01:16:21 +0100] "GET /~vsmakaj/maintenance.php HTTP/1.1" 200 7782
10.82.58.160 - - [11/Nov/2021:01:16:21 +0100] "GET /favicon.ico HTTP/1.1" 200 302
10.82.211.12 - - [11/Nov/2021:01:17:16 +0100] "GET /~btafa/code.html HTTP/1.1" 200 6981
10.82.58.160 - - [11/Nov/2021:01:17:37 +0100] "GET /~vsmakaj/logout.php HTTP/1.1" 302 -
10.82.58.160 - - [11/Nov/2021:01:17:37 +0100] "GET /~vsmakaj/login.php HTTP/1.1" 200 3426
10.82.58.160 - - [11/Nov/2021:01:17:37 +0100] "GET /~vsmakaj/project.css HTTP/1.1" 200 1278
10.82.58.160 - - [11/Nov/2021:01:17:37 +0100] "GET /favicon.ico HTTP/1.1" 200 302
10.82.58.160 - - [11/Nov/2021:01:17:39 +0100] "GET /~vsmakaj/maintenance.html HTTP/1.1" 200 7641
10.82.58.160 - - [11/Nov/2021:01:17:39 +0100] "GET /favicon.ico HTTP/1.1" 200 302
10.82.58.160 - - [11/Nov/2021:01:17:43 +0100] "GET /~vsmakaj/maintenance.pg HTTP/1.1" 404 1016
10.82.58.160 - - [11/Nov/2021:01:17:43 +0100] "GET /favicon.ico HTTP/1.1" 200 302
10.82.58.160 - - [11/Nov/2021:01:17:49 +0100] "GET /~vsmakaj/maintenance.pg HTTP/1.1" 404 1016
10.82.58.160 - - [11/Nov/2021:01:17:50 +0100] "GET /favicon.ico HTTP/1.1" 200 302
10.82.58.160 - - [11/Nov/2021:01:17:53 +0100] "GET /~vsmakaj/maintenance.php HTTP/1.1" 200 7791
10.82.58.160 - - [11/Nov/2021:01:17:53 +0100] "GET /~vsmakaj/backgroundmap.png HTTP/1.1" 200 40230
10.82.58.160 - - [11/Nov/2021:01:17:53 +0100] "GET /favicon.ico HTTP/1.1" 200 302
10.82.58.160 - - [11/Nov/2021:01:17:55 +0100] "GET /~vsmakaj/logout.php HTTP/1.1" 302 -
10.82.58.160 - - [11/Nov/2021:01:17:55 +0100] "GET /~vsmakaj/login.php HTTP/1.1" 200 3426
10.82.58.160 - - [11/Nov/2021:01:17:55 +0100] "GET /~vsmakaj/project.css HTTP/1.1" 200 1278
10.82.58.160 - - [11/Nov/2021:01:17:55 +0100] "GET /favicon.ico HTTP/1.1" 200 302
10.82.58.160 - - [11/Nov/2021:01:17:57 +0100] "GET /~vsmakaj/maintenance.html HTTP/1.1" 200 7641
10.82.58.160 - - [11/Nov/2021:01:17:58 +0100] "GET /favicon.ico HTTP/1.1" 200 302
10.82.58.160 - - [11/Nov/2021:01:18:00 +0100] "GET /~vsmakaj/maintenance.php HTTP/1.1" 200 7791
10.82.58.160 - - [11/Nov/2021:01:18:01 +0100] "GET /favicon.ico HTTP/1.1" 200 302
10.82.56.160 - - [11/Nov/2021:01:18:03 +0100] "GET /~asavu/index.php HTTP/1.1" 200 4702 "http://clabsql.clamv.jacobs-university.de/~asavu/login_admin.php" "Mozilla/5.0 (Windows NT 10.0; Win64; x64) AppleWebKit/537.36 (KHTML, like Gecko) Chrome/95.0.4638.69 Safari/537.36"
10.82.56.160 - - [11/Nov/2021:01:18:03 +0100] "GET /~asavu/script.js HTTP/1.1" 404 1207 "http://clabsql.clamv.jacobs-university.de/~asavu/index.php" "Mozilla/5.0 (Windows NT 10.0; Win64; x64) AppleWebKit/537.36 (KHTML, like Gecko) Chrome/95.0.4638.69 Safari/537.36"
10.82.56.160 - - [11/Nov/2021:01:18:03 +0100] "GET /~asavu/index.php HTTP/1.1" 200 4702 "http://clabsql.clamv.jacobs-university.de/~asavu/index.php" "Mozilla/5.0 (Windows NT 10.0; Win64; x64) AppleWebKit/537.36 (KHTML, like Gecko) Chrome/95.0.4638.69 Safari/537.36"
10.82.56.160 - - [11/Nov/2021:01:18:03 +0100] "GET /~asavu/script.js HTTP/1.1" 404 1207 "http://clabsql.clamv.jacobs-university.de/~asavu/index.php" "Mozilla/5.0 (Windows NT 10.0; Win64; x64) AppleWebKit/537.36 (KHTML, like Gecko) Chrome/95.0.4638.69 Safari/537.36"
10.82.56.160 - - [11/Nov/2021:01:18:03 +0100] "GET /~asavu/script.js HTTP/1.1" 404 1207 "http://clabsql.clamv.jacobs-university.de/~asavu/index.php" "Mozilla/5.0 (Windows NT 10.0; Win64; x64) AppleWebKit/537.36 (KHTML, like Gecko) Chrome/95.0.4638.69 Safari/537.36"
10.82.56.160 - - [11/Nov/2021:01:18:05 +0100] "GET /~asavu/submission.php HTTP/1.1" 200 1966 "http://clabsql.clamv.jacobs-university.de/~asavu/index.php" "Mozilla/5.0 (Windows NT 10.0; Win64; x64) AppleWebKit/537.36 (KHTML, like Gecko) Chrome/95.0.4638.69 Safari/537.36"
10.82.56.160 - - [11/Nov/2021:01:18:05 +0100] "GET /~asavu/style2.css HTTP/1.1" 304 - "http://clabsql.clamv.jacobs-university.de/~asavu/submission.php" "Mozilla/5.0 (Windows NT 10.0; Win64; x64) AppleWebKit/537.36 (KHTML, like Gecko) Chrome/95.0.4638.69 Safari/537.36"
10.82.56.160 - - [11/Nov/2021:01:18:08 +0100] "GET /~asavu/logout.php HTTP/1.1" 302 - "http://clabsql.clamv.jacobs-university.de/~asavu/submission.php" "Mozilla/5.0 (Windows NT 10.0; Win64; x64) AppleWebKit/537.36 (KHTML, like Gecko) Chrome/95.0.4638.69 Safari/537.36"
10.82.56.160 - - [11/Nov/2021:01:18:08 +0100] "GET /~asavu/login_admin.php HTTP/1.1" 200 1201 "http://clabsql.clamv.jacobs-university.de/~asavu/submission.php" "Mozilla/5.0 (Windows NT 10.0; Win64; x64) AppleWebKit/537.36 (KHTML, like Gecko) Chrome/95.0.4638.69 Safari/537.36"
10.82.211.12 - - [11/Nov/2021:01:18:17 +0100] "-" 408 -
10.82.211.12 - - [11/Nov/2021:01:18:34 +0100] "-" 408 -
10.82.56.160 - - [11/Nov/2021:01:18:45 +0100] "-" 408 - "-" "-"
10.82.56.160 - - [11/Nov/2021:01:19:05 +0100] "GET /~asavu/login_admin.php HTTP/1.1" 200 1116 "http://clabsql.clamv.jacobs-university.de/~asavu/submission.php" "Mozilla/5.0 (Windows NT 10.0; Win64; x64) AppleWebKit/537.36 (KHTML, like Gecko) Chrome/95.0.4638.69 Safari/537.36"
10.82.211.12 - - [11/Nov/2021:01:19:08 +0100] "GET /~btafa/templates/request.html HTTP/1.1" 403 1006
10.82.58.160 - - [11/Nov/2021:01:19:09 +0100] "GET /~vsmakaj/logout.php HTTP/1.1" 302 -
10.82.58.160 - - [11/Nov/2021:01:19:09 +0100] "GET /~vsmakaj/login.php HTTP/1.1" 200 3426
10.82.58.160 - - [11/Nov/2021:01:19:09 +0100] "GET /~vsmakaj/project.css HTTP/1.1" 200 1278
10.82.58.160 - - [11/Nov/2021:01:19:09 +0100] "GET /favicon.ico HTTP/1.1" 200 302
10.82.56.160 - - [11/Nov/2021:01:19:10 +0100] "POST /~asavu/login_admin.php HTTP/1.1" 302 1116 "http://clabsql.clamv.jacobs-university.de/~asavu/login_admin.php" "Mozilla/5.0 (Windows NT 10.0; Win64; x64) AppleWebKit/537.36 (KHTML, like Gecko) Chrome/95.0.4638.69 Safari/537.36"
10.82.56.160 - - [11/Nov/2021:01:19:10 +0100] "GET /~asavu/error.php HTTP/1.1" 200 627 "http://clabsql.clamv.jacobs-university.de/~asavu/login_admin.php" "Mozilla/5.0 (Windows NT 10.0; Win64; x64) AppleWebKit/537.36 (KHTML, like Gecko) Chrome/95.0.4638.69 Safari/537.36"
10.82.56.160 - - [11/Nov/2021:01:19:13 +0100] "GET /~asavu/login_admin.php HTTP/1.1" 200 1116 "http://clabsql.clamv.jacobs-university.de/~asavu/error.php" "Mozilla/5.0 (Windows NT 10.0; Win64; x64) AppleWebKit/537.36 (KHTML, like Gecko) Chrome/95.0.4638.69 Safari/537.36"
10.82.58.160 - - [11/Nov/2021:01:19:17 +0100] "POST /~vsmakaj/login.php HTTP/1.1" 302 -
10.82.58.160 - - [11/Nov/2021:01:19:17 +0100] "GET /~vsmakaj/maintenance.php HTTP/1.1" 200 7791
10.82.58.160 - - [11/Nov/2021:01:19:17 +0100] "GET /favicon.ico HTTP/1.1" 200 302
10.82.58.160 - - [11/Nov/2021:01:19:19 +0100] "GET /~vsmakaj/logout.php HTTP/1.1" 302 -
10.82.58.160 - - [11/Nov/2021:01:19:19 +0100] "GET /~vsmakaj/login.php HTTP/1.1" 200 3426
10.82.58.160 - - [11/Nov/2021:01:19:19 +0100] "GET /~vsmakaj/project.css HTTP/1.1" 200 1278
10.82.58.160 - - [11/Nov/2021:01:19:19 +0100] "GET /favicon.ico HTTP/1.1" 200 302
10.82.58.160 - - [11/Nov/2021:01:19:22 +0100] "GET /~vsmakaj/maintenance.html HTTP/1.1" 200 7641
10.82.58.160 - - [11/Nov/2021:01:19:22 +0100] "GET /favicon.ico HTTP/1.1" 200 302
10.82.56.160 - - [11/Nov/2021:01:19:23 +0100] "POST /~asavu/login_admin.php HTTP/1.1" 200 1161 "http://clabsql.clamv.jacobs-university.de/~asavu/login_admin.php" "Mozilla/5.0 (Windows NT 10.0; Win64; x64) AppleWebKit/537.36 (KHTML, like Gecko) Chrome/95.0.4638.69 Safari/537.36"
10.82.58.160 - - [11/Nov/2021:01:19:25 +0100] "GET /~vsmakaj/maintenance.php HTTP/1.1" 200 7791
10.82.58.160 - - [11/Nov/2021:01:19:25 +0100] "GET /favicon.ico HTTP/1.1" 200 302
10.82.56.160 - - [11/Nov/2021:01:19:30 +0100] "POST /~asavu/login_admin.php HTTP/1.1" 302 1116 "http://clabsql.clamv.jacobs-university.de/~asavu/login_admin.php" "Mozilla/5.0 (Windows NT 10.0; Win64; x64) AppleWebKit/537.36 (KHTML, like Gecko) Chrome/95.0.4638.69 Safari/537.36"
10.82.56.160 - - [11/Nov/2021:01:19:30 +0100] "GET /~asavu/inject.php HTTP/1.1" 200 619 "http://clabsql.clamv.jacobs-university.de/~asavu/login_admin.php" "Mozilla/5.0 (Windows NT 10.0; Win64; x64) AppleWebKit/537.36 (KHTML, like Gecko) Chrome/95.0.4638.69 Safari/537.36"
10.82.211.12 - - [11/Nov/2021:01:19:34 +0100] "GET /~btafa/templates/request.html HTTP/1.1" 403 1006
10.82.56.160 - - [11/Nov/2021:01:19:36 +0100] "GET /~asavu/login_admin.php HTTP/1.1" 200 1116 "http://clabsql.clamv.jacobs-university.de/~asavu/inject.php" "Mozilla/5.0 (Windows NT 10.0; Win64; x64) AppleWebKit/537.36 (KHTML, like Gecko) Chrome/95.0.4638.69 Safari/537.36"
10.82.211.12 - - [11/Nov/2021:01:19:36 +0100] "GET /~btafa/templates/request.html HTTP/1.1" 403 1006
10.82.211.12 - - [11/Nov/2021:01:19:37 +0100] "GET /~btafa/templates/request.html HTTP/1.1" 403 1006
10.82.56.160 - - [11/Nov/2021:01:19:38 +0100] "GET /~asavu/index.php HTTP/1.1" 200 4702 "http://clabsql.clamv.jacobs-university.de/~asavu/login_admin.php" "Mozilla/5.0 (Windows NT 10.0; Win64; x64) AppleWebKit/537.36 (KHTML, like Gecko) Chrome/95.0.4638.69 Safari/537.36"
10.82.56.160 - - [11/Nov/2021:01:19:38 +0100] "GET /~asavu/script.js HTTP/1.1" 404 1207 "http://clabsql.clamv.jacobs-university.de/~asavu/index.php" "Mozilla/5.0 (Windows NT 10.0; Win64; x64) AppleWebKit/537.36 (KHTML, like Gecko) Chrome/95.0.4638.69 Safari/537.36"
10.82.56.160 - - [11/Nov/2021:01:19:42 +0100] "GET /~asavu/search.php HTTP/1.1" 200 849 "http://clabsql.clamv.jacobs-university.de/~asavu/index.php" "Mozilla/5.0 (Windows NT 10.0; Win64; x64) AppleWebKit/537.36 (KHTML, like Gecko) Chrome/95.0.4638.69 Safari/537.36"
10.82.56.160 - - [11/Nov/2021:01:19:43 +0100] "GET /~asavu/style3.css HTTP/1.1" 200 1479 "http://clabsql.clamv.jacobs-university.de/~asavu/search.php" "Mozilla/5.0 (Windows NT 10.0; Win64; x64) AppleWebKit/537.36 (KHTML, like Gecko) Chrome/95.0.4638.69 Safari/537.36"
10.222.131.252 - - [11/Nov/2021:01:19:49 +0100] "GET /~ssah HTTP/1.1" 301 256 "-" "Mozilla/5.0 (Windows NT 10.0; rv:78.0) Gecko/20100101 Firefox/78.0"
10.222.131.252 - - [11/Nov/2021:01:19:49 +0100] "GET /~ssah/ HTTP/1.1" 302 34 "-" "Mozilla/5.0 (Windows NT 10.0; rv:78.0) Gecko/20100101 Firefox/78.0"
10.222.131.252 - - [11/Nov/2021:01:19:49 +0100] "GET /~ssah/php_scripts/php_forms/login_form.php HTTP/1.1" 200 1303 "-" "Mozilla/5.0 (Windows NT 10.0; rv:78.0) Gecko/20100101 Firefox/78.0"
10.222.131.252 - - [11/Nov/2021:01:19:53 +0100] "GET /~ssah/php_scripts/php_forms/signup_form.php HTTP/1.1" 200 4945 "http://clabsql.clamv.jacobs-university.de/~ssah/php_scripts/php_forms/login_form.php" "Mozilla/5.0 (Windows NT 10.0; rv:78.0) Gecko/20100101 Firefox/78.0"
10.82.56.160 - - [11/Nov/2021:01:20:07 +0100] "GET /~asavu/search_by_ingredients.php HTTP/1.1" 200 6846 "http://clabsql.clamv.jacobs-university.de/~asavu/search.php" "Mozilla/5.0 (Windows NT 10.0; Win64; x64) AppleWebKit/537.36 (KHTML, like Gecko) Chrome/95.0.4638.69 Safari/537.36"
10.82.56.160 - - [11/Nov/2021:01:20:14 +0100] "GET /~asavu/search.php HTTP/1.1" 200 849 "http://clabsql.clamv.jacobs-university.de/~asavu/search_by_ingredients.php" "Mozilla/5.0 (Windows NT 10.0; Win64; x64) AppleWebKit/537.36 (KHTML, like Gecko) Chrome/95.0.4638.69 Safari/537.36"
10.82.56.160 - - [11/Nov/2021:01:20:18 +0100] "GET /~asavu/index.php HTTP/1.1" 200 4702 "http://clabsql.clamv.jacobs-university.de/~asavu/search.php" "Mozilla/5.0 (Windows NT 10.0; Win64; x64) AppleWebKit/537.36 (KHTML, like Gecko) Chrome/95.0.4638.69 Safari/537.36"
10.82.56.160 - - [11/Nov/2021:01:20:18 +0100] "GET /~asavu/script.js HTTP/1.1" 404 1207 "http://clabsql.clamv.jacobs-university.de/~asavu/index.php" "Mozilla/5.0 (Windows NT 10.0; Win64; x64) AppleWebKit/537.36 (KHTML, like Gecko) Chrome/95.0.4638.69 Safari/537.36"
10.82.56.160 - - [11/Nov/2021:01:20:21 +0100] "GET /~asavu/recipe_page.php?rid=20015 HTTP/1.1" 200 1229 "http://clabsql.clamv.jacobs-university.de/~asavu/index.php" "Mozilla/5.0 (Windows NT 10.0; Win64; x64) AppleWebKit/537.36 (KHTML, like Gecko) Chrome/95.0.4638.69 Safari/537.36"
10.222.131.252 - - [11/Nov/2021:01:20:23 +0100] "POST /~ssah/php_scripts/php_forms/signup_form.php HTTP/1.1" 200 5040 "http://clabsql.clamv.jacobs-university.de/~ssah/php_scripts/php_forms/signup_form.php" "Mozilla/5.0 (Windows NT 10.0; rv:78.0) Gecko/20100101 Firefox/78.0"
10.82.56.160 - - [11/Nov/2021:01:20:45 +0100] "GET /~asavu/index.php HTTP/1.1" 200 4702 "http://clabsql.clamv.jacobs-university.de/~asavu/recipe_page.php?rid=20015" "Mozilla/5.0 (Windows NT 10.0; Win64; x64) AppleWebKit/537.36 (KHTML, like Gecko) Chrome/95.0.4638.69 Safari/537.36"
10.82.56.160 - - [11/Nov/2021:01:20:45 +0100] "GET /~asavu/script.js HTTP/1.1" 404 1207 "http://clabsql.clamv.jacobs-university.de/~asavu/index.php" "Mozilla/5.0 (Windows NT 10.0; Win64; x64) AppleWebKit/537.36 (KHTML, like Gecko) Chrome/95.0.4638.69 Safari/537.36"
10.82.56.160 - - [11/Nov/2021:01:20:48 +0100] "GET /~asavu/recipe_page.php?rid=20006 HTTP/1.1" 200 1255 "http://clabsql.clamv.jacobs-university.de/~asavu/index.php" "Mozilla/5.0 (Windows NT 10.0; Win64; x64) AppleWebKit/537.36 (KHTML, like Gecko) Chrome/95.0.4638.69 Safari/537.36"
10.82.56.160 - - [11/Nov/2021:01:20:51 +0100] "GET /~asavu/index.php HTTP/1.1" 200 4702 "http://clabsql.clamv.jacobs-university.de/~asavu/recipe_page.php?rid=20006" "Mozilla/5.0 (Windows NT 10.0; Win64; x64) AppleWebKit/537.36 (KHTML, like Gecko) Chrome/95.0.4638.69 Safari/537.36"
10.82.56.160 - - [11/Nov/2021:01:20:52 +0100] "GET /~asavu/script.js HTTP/1.1" 404 1207 "http://clabsql.clamv.jacobs-university.de/~asavu/index.php" "Mozilla/5.0 (Windows NT 10.0; Win64; x64) AppleWebKit/537.36 (KHTML, like Gecko) Chrome/95.0.4638.69 Safari/537.36"
10.82.56.160 - - [11/Nov/2021:01:20:53 +0100] "GET /~asavu/register.php HTTP/1.1" 200 1501 "http://clabsql.clamv.jacobs-university.de/~asavu/index.php" "Mozilla/5.0 (Windows NT 10.0; Win64; x64) AppleWebKit/537.36 (KHTML, like Gecko) Chrome/95.0.4638.69 Safari/537.36"
10.82.56.160 - - [11/Nov/2021:01:20:57 +0100] "GET /~asavu/index.php HTTP/1.1" 200 4702 "http://clabsql.clamv.jacobs-university.de/~asavu/register.php" "Mozilla/5.0 (Windows NT 10.0; Win64; x64) AppleWebKit/537.36 (KHTML, like Gecko) Chrome/95.0.4638.69 Safari/537.36"
10.82.56.160 - - [11/Nov/2021:01:20:58 +0100] "GET /~asavu/script.js HTTP/1.1" 404 1207 "http://clabsql.clamv.jacobs-university.de/~asavu/index.php" "Mozilla/5.0 (Windows NT 10.0; Win64; x64) AppleWebKit/537.36 (KHTML, like Gecko) Chrome/95.0.4638.69 Safari/537.36"
10.82.56.160 - - [11/Nov/2021:01:20:58 +0100] "GET /~asavu/script.js HTTP/1.1" 404 1207 "http://clabsql.clamv.jacobs-university.de/~asavu/index.php" "Mozilla/5.0 (Windows NT 10.0; Win64; x64) AppleWebKit/537.36 (KHTML, like Gecko) Chrome/95.0.4638.69 Safari/537.36"
10.222.131.252 - - [11/Nov/2021:01:21:00 +0100] "POST /~ssah/php_scripts/php_forms/signup_form.php HTTP/1.1" 200 5259 "http://clabsql.clamv.jacobs-university.de/~ssah/php_scripts/php_forms/signup_form.php" "Mozilla/5.0 (Windows NT 10.0; rv:78.0) Gecko/20100101 Firefox/78.0"
10.82.56.160 - - [11/Nov/2021:01:21:01 +0100] "GET /~asavu/submission.php HTTP/1.1" 302 1891 "http://clabsql.clamv.jacobs-university.de/~asavu/index.php" "Mozilla/5.0 (Windows NT 10.0; Win64; x64) AppleWebKit/537.36 (KHTML, like Gecko) Chrome/95.0.4638.69 Safari/537.36"
10.82.56.160 - - [11/Nov/2021:01:21:01 +0100] "GET /~asavu/login_admin.php HTTP/1.1" 200 1116 "http://clabsql.clamv.jacobs-university.de/~asavu/index.php" "Mozilla/5.0 (Windows NT 10.0; Win64; x64) AppleWebKit/537.36 (KHTML, like Gecko) Chrome/95.0.4638.69 Safari/537.36"
10.82.56.160 - - [11/Nov/2021:01:21:03 +0100] "GET /~asavu/index.php HTTP/1.1" 200 4702 "http://clabsql.clamv.jacobs-university.de/~asavu/login_admin.php" "Mozilla/5.0 (Windows NT 10.0; Win64; x64) AppleWebKit/537.36 (KHTML, like Gecko) Chrome/95.0.4638.69 Safari/537.36"
10.82.56.160 - - [11/Nov/2021:01:21:03 +0100] "GET /~asavu/script.js HTTP/1.1" 404 1207 "http://clabsql.clamv.jacobs-university.de/~asavu/index.php" "Mozilla/5.0 (Windows NT 10.0; Win64; x64) AppleWebKit/537.36 (KHTML, like Gecko) Chrome/95.0.4638.69 Safari/537.36"
10.222.131.252 - - [11/Nov/2021:01:21:16 +0100] "GET /~ssah/php_scripts/php_forms/login_form.php HTTP/1.1" 200 1303 "http://clabsql.clamv.jacobs-university.de/~ssah/php_scripts/php_forms/signup_form.php" "Mozilla/5.0 (Windows NT 10.0; rv:78.0) Gecko/20100101 Firefox/78.0"
10.82.56.160 - - [11/Nov/2021:01:21:32 +0100] "GET /~asavu/register.php HTTP/1.1" 200 1501 "http://clabsql.clamv.jacobs-university.de/~asavu/index.php" "Mozilla/5.0 (Windows NT 10.0; Win64; x64) AppleWebKit/537.36 (KHTML, like Gecko) Chrome/95.0.4638.69 Safari/537.36"
10.222.131.252 - - [11/Nov/2021:01:21:33 +0100] "GET /~ssah/php_scripts/php_forms/login_form.php HTTP/1.1" 200 1303 "http://clabsql.clamv.jacobs-university.de/~ssah/php_scripts/php_forms/signup_form.php" "Mozilla/5.0 (Windows NT 10.0; rv:78.0) Gecko/20100101 Firefox/78.0"
10.82.56.160 - - [11/Nov/2021:01:21:35 +0100] "GET /~asavu/login.php HTTP/1.1" 200 - "http://clabsql.clamv.jacobs-university.de/~asavu/register.php" "Mozilla/5.0 (Windows NT 10.0; Win64; x64) AppleWebKit/537.36 (KHTML, like Gecko) Chrome/95.0.4638.69 Safari/537.36"
10.222.131.252 - - [11/Nov/2021:01:21:57 +0100] "POST /~ssah/php_scripts/php_forms/login_form.php HTTP/1.1" 302 1316 "http://clabsql.clamv.jacobs-university.de/~ssah/php_scripts/php_forms/login_form.php" "Mozilla/5.0 (Windows NT 10.0; rv:78.0) Gecko/20100101 Firefox/78.0"
10.222.131.252 - - [11/Nov/2021:01:21:58 +0100] "GET /~ssah/index.php HTTP/1.1" 200 3794 "http://clabsql.clamv.jacobs-university.de/~ssah/php_scripts/php_forms/login_form.php" "Mozilla/5.0 (Windows NT 10.0; rv:78.0) Gecko/20100101 Firefox/78.0"
10.222.131.252 - - [11/Nov/2021:01:21:58 +0100] "GET /~ssah/styles.css HTTP/1.1" 200 4249 "http://clabsql.clamv.jacobs-university.de/~ssah/index.php" "Mozilla/5.0 (Windows NT 10.0; rv:78.0) Gecko/20100101 Firefox/78.0"
10.222.131.252 - - [11/Nov/2021:01:21:58 +0100] "GET /~ssah/img/logo.png HTTP/1.1" 200 18692 "http://clabsql.clamv.jacobs-university.de/~ssah/index.php" "Mozilla/5.0 (Windows NT 10.0; rv:78.0) Gecko/20100101 Firefox/78.0"
10.222.131.252 - - [11/Nov/2021:01:21:58 +0100] "GET /~ssah/img/mainContentBackground.png HTTP/1.1" 200 251743 "http://clabsql.clamv.jacobs-university.de/~ssah/index.php" "Mozilla/5.0 (Windows NT 10.0; rv:78.0) Gecko/20100101 Firefox/78.0"
10.82.56.160 - - [11/Nov/2021:01:22:12 +0100] "GET /~asavu/login.php HTTP/1.1" 200 - "http://clabsql.clamv.jacobs-university.de/~asavu/register.php" "Mozilla/5.0 (Windows NT 10.0; Win64; x64) AppleWebKit/537.36 (KHTML, like Gecko) Chrome/95.0.4638.69 Safari/537.36"
10.82.56.160 - - [11/Nov/2021:01:22:54 +0100] "-" 408 - "-" "-"
10.82.56.160 - - [11/Nov/2021:01:22:56 +0100] "GET /~asavu/index.php HTTP/1.1" 200 4702 "http://clabsql.clamv.jacobs-university.de/~asavu/register.php" "Mozilla/5.0 (Windows NT 10.0; Win64; x64) AppleWebKit/537.36 (KHTML, like Gecko) Chrome/95.0.4638.69 Safari/537.36"
10.82.56.160 - - [11/Nov/2021:01:22:57 +0100] "GET /~asavu/script.js HTTP/1.1" 404 1207 "http://clabsql.clamv.jacobs-university.de/~asavu/index.php" "Mozilla/5.0 (Windows NT 10.0; Win64; x64) AppleWebKit/537.36 (KHTML, like Gecko) Chrome/95.0.4638.69 Safari/537.36"
10.82.56.160 - - [11/Nov/2021:01:22:59 +0100] "GET /~asavu/submission.php HTTP/1.1" 302 1891 "http://clabsql.clamv.jacobs-university.de/~asavu/index.php" "Mozilla/5.0 (Windows NT 10.0; Win64; x64) AppleWebKit/537.36 (KHTML, like Gecko) Chrome/95.0.4638.69 Safari/537.36"
10.82.56.160 - - [11/Nov/2021:01:22:59 +0100] "GET /~asavu/login_admin.php HTTP/1.1" 200 1116 "http://clabsql.clamv.jacobs-university.de/~asavu/index.php" "Mozilla/5.0 (Windows NT 10.0; Win64; x64) AppleWebKit/537.36 (KHTML, like Gecko) Chrome/95.0.4638.69 Safari/537.36"
10.82.56.160 - - [11/Nov/2021:01:23:13 +0100] "POST /~asavu/login_admin.php HTTP/1.1" 302 1116 "http://clabsql.clamv.jacobs-university.de/~asavu/login_admin.php" "Mozilla/5.0 (Windows NT 10.0; Win64; x64) AppleWebKit/537.36 (KHTML, like Gecko) Chrome/95.0.4638.69 Safari/537.36"
10.82.56.160 - - [11/Nov/2021:01:23:15 +0100] "GET /~asavu/submission.php HTTP/1.1" 200 1966 "http://clabsql.clamv.jacobs-university.de/~asavu/login_admin.php" "Mozilla/5.0 (Windows NT 10.0; Win64; x64) AppleWebKit/537.36 (KHTML, like Gecko) Chrome/95.0.4638.69 Safari/537.36"
10.222.131.252 - - [11/Nov/2021:01:23:16 +0100] "GET /~ssah/maintain.php HTTP/1.1" 302 34 "http://clabsql.clamv.jacobs-university.de/~ssah/index.php" "Mozilla/5.0 (Windows NT 10.0; rv:78.0) Gecko/20100101 Firefox/78.0"
10.222.131.252 - - [11/Nov/2021:01:23:16 +0100] "GET /~ssah/php_scripts/php_forms/access_denied.php HTTP/1.1" 200 382 "http://clabsql.clamv.jacobs-university.de/~ssah/index.php" "Mozilla/5.0 (Windows NT 10.0; rv:78.0) Gecko/20100101 Firefox/78.0"
10.222.131.252 - - [11/Nov/2021:01:23:19 +0100] "GET /~ssah/index.php HTTP/1.1" 200 3794 "http://clabsql.clamv.jacobs-university.de/~ssah/php_scripts/php_forms/login_form.php" "Mozilla/5.0 (Windows NT 10.0; rv:78.0) Gecko/20100101 Firefox/78.0"
10.222.131.252 - - [11/Nov/2021:01:23:29 +0100] "GET /~ssah/index.php HTTP/1.1" 302 34 "-" "Mozilla/5.0 (Windows NT 10.0; rv:78.0) Gecko/20100101 Firefox/78.0"
10.222.131.252 - - [11/Nov/2021:01:23:29 +0100] "GET /~ssah/php_scripts/php_forms/login_form.php HTTP/1.1" 200 1303 "-" "Mozilla/5.0 (Windows NT 10.0; rv:78.0) Gecko/20100101 Firefox/78.0"
10.222.131.252 - - [11/Nov/2021:01:23:29 +0100] "GET /favicon.ico HTTP/1.1" 200 302 "-" "Mozilla/5.0 (Windows NT 10.0; rv:78.0) Gecko/20100101 Firefox/78.0"
10.82.56.160 - - [11/Nov/2021:01:23:32 +0100] "GET /~asavu/index.php HTTP/1.1" 200 4702 "http://clabsql.clamv.jacobs-university.de/~asavu/submission.php" "Mozilla/5.0 (Windows NT 10.0; Win64; x64) AppleWebKit/537.36 (KHTML, like Gecko) Chrome/95.0.4638.69 Safari/537.36"
10.82.56.160 - - [11/Nov/2021:01:23:32 +0100] "GET /~asavu/script.js HTTP/1.1" 404 1207 "http://clabsql.clamv.jacobs-university.de/~asavu/index.php" "Mozilla/5.0 (Windows NT 10.0; Win64; x64) AppleWebKit/537.36 (KHTML, like Gecko) Chrome/95.0.4638.69 Safari/537.36"
10.82.56.160 - - [11/Nov/2021:01:23:35 +0100] "GET /~asavu/submission.php HTTP/1.1" 200 1966 "http://clabsql.clamv.jacobs-university.de/~asavu/index.php" "Mozilla/5.0 (Windows NT 10.0; Win64; x64) AppleWebKit/537.36 (KHTML, like Gecko) Chrome/95.0.4638.69 Safari/537.36"
10.82.56.160 - - [11/Nov/2021:01:23:38 +0100] "GET /~asavu/logout.php HTTP/1.1" 302 - "http://clabsql.clamv.jacobs-university.de/~asavu/submission.php" "Mozilla/5.0 (Windows NT 10.0; Win64; x64) AppleWebKit/537.36 (KHTML, like Gecko) Chrome/95.0.4638.69 Safari/537.36"
10.82.56.160 - - [11/Nov/2021:01:23:38 +0100] "GET /~asavu/login_admin.php HTTP/1.1" 200 1116 "http://clabsql.clamv.jacobs-university.de/~asavu/submission.php" "Mozilla/5.0 (Windows NT 10.0; Win64; x64) AppleWebKit/537.36 (KHTML, like Gecko) Chrome/95.0.4638.69 Safari/537.36"
10.82.56.160 - - [11/Nov/2021:01:23:40 +0100] "GET /~asavu/index.php HTTP/1.1" 200 4702 "http://clabsql.clamv.jacobs-university.de/~asavu/login_admin.php" "Mozilla/5.0 (Windows NT 10.0; Win64; x64) AppleWebKit/537.36 (KHTML, like Gecko) Chrome/95.0.4638.69 Safari/537.36"
10.82.56.160 - - [11/Nov/2021:01:23:40 +0100] "GET /~asavu/script.js HTTP/1.1" 404 1207 "http://clabsql.clamv.jacobs-university.de/~asavu/index.php" "Mozilla/5.0 (Windows NT 10.0; Win64; x64) AppleWebKit/537.36 (KHTML, like Gecko) Chrome/95.0.4638.69 Safari/537.36"
10.222.131.252 - - [11/Nov/2021:01:23:41 +0100] "POST /~ssah/php_scripts/php_forms/signup_form.php HTTP/1.1" 200 5185 "http://clabsql.clamv.jacobs-university.de/~ssah/php_scripts/php_forms/signup_form.php" "Mozilla/5.0 (Windows NT 10.0; rv:78.0) Gecko/20100101 Firefox/78.0"
10.222.131.252 - - [11/Nov/2021:01:23:51 +0100] "GET /~ssah/php_scripts/php_forms/login_form.php HTTP/1.1" 302 - "http://clabsql.clamv.jacobs-university.de/~ssah/php_scripts/php_forms/signup_form.php" "Mozilla/5.0 (Windows NT 10.0; rv:78.0) Gecko/20100101 Firefox/78.0"
10.222.131.252 - - [11/Nov/2021:01:23:51 +0100] "GET /~ssah/index.php HTTP/1.1" 200 3794 "http://clabsql.clamv.jacobs-university.de/~ssah/php_scripts/php_forms/signup_form.php" "Mozilla/5.0 (Windows NT 10.0; rv:78.0) Gecko/20100101 Firefox/78.0"
10.222.131.252 - - [11/Nov/2021:01:23:51 +0100] "GET /~ssah/img/logo.png HTTP/1.1" 304 - "http://clabsql.clamv.jacobs-university.de/~ssah/index.php" "Mozilla/5.0 (Windows NT 10.0; rv:78.0) Gecko/20100101 Firefox/78.0"
10.222.131.252 - - [11/Nov/2021:01:23:51 +0100] "GET /~ssah/img/mainContentBackground.png HTTP/1.1" 304 - "http://clabsql.clamv.jacobs-university.de/~ssah/index.php" "Mozilla/5.0 (Windows NT 10.0; rv:78.0) Gecko/20100101 Firefox/78.0"
10.222.131.252 - - [11/Nov/2021:01:23:51 +0100] "GET /~ssah/styles.css HTTP/1.1" 304 - "http://clabsql.clamv.jacobs-university.de/~ssah/index.php" "Mozilla/5.0 (Windows NT 10.0; rv:78.0) Gecko/20100101 Firefox/78.0"
10.222.131.252 - - [11/Nov/2021:01:23:57 +0100] "GET /~ssah/php_scripts/php_forms/logout_form.php HTTP/1.1" 302 - "http://clabsql.clamv.jacobs-university.de/~ssah/index.php" "Mozilla/5.0 (Windows NT 10.0; rv:78.0) Gecko/20100101 Firefox/78.0"
10.222.131.252 - - [11/Nov/2021:01:23:57 +0100] "GET /~ssah/php_scripts/php_forms/login_form.php HTTP/1.1" 200 1303 "http://clabsql.clamv.jacobs-university.de/~ssah/index.php" "Mozilla/5.0 (Windows NT 10.0; rv:78.0) Gecko/20100101 Firefox/78.0"
10.222.131.252 - - [11/Nov/2021:01:24:11 +0100] "POST /~ssah/php_scripts/php_forms/login_form.php HTTP/1.1" 302 1316 "http://clabsql.clamv.jacobs-university.de/~ssah/php_scripts/php_forms/login_form.php" "Mozilla/5.0 (Windows NT 10.0; rv:78.0) Gecko/20100101 Firefox/78.0"
10.222.131.252 - - [11/Nov/2021:01:24:11 +0100] "GET /~ssah/index.php HTTP/1.1" 200 3794 "http://clabsql.clamv.jacobs-university.de/~ssah/php_scripts/php_forms/login_form.php" "Mozilla/5.0 (Windows NT 10.0; rv:78.0) Gecko/20100101 Firefox/78.0"
10.222.131.252 - - [11/Nov/2021:01:24:11 +0100] "GET /~ssah/img/logo.png HTTP/1.1" 304 - "http://clabsql.clamv.jacobs-university.de/~ssah/index.php" "Mozilla/5.0 (Windows NT 10.0; rv:78.0) Gecko/20100101 Firefox/78.0"
10.222.131.252 - - [11/Nov/2021:01:24:11 +0100] "GET /~ssah/img/mainContentBackground.png HTTP/1.1" 304 - "http://clabsql.clamv.jacobs-university.de/~ssah/index.php" "Mozilla/5.0 (Windows NT 10.0; rv:78.0) Gecko/20100101 Firefox/78.0"
10.222.131.252 - - [11/Nov/2021:01:24:11 +0100] "GET /~ssah/styles.css HTTP/1.1" 304 - "http://clabsql.clamv.jacobs-university.de/~ssah/index.php" "Mozilla/5.0 (Windows NT 10.0; rv:78.0) Gecko/20100101 Firefox/78.0"
10.222.131.252 - - [11/Nov/2021:01:24:13 +0100] "GET /~ssah/maintain.php HTTP/1.1" 200 3498 "http://clabsql.clamv.jacobs-university.de/~ssah/index.php" "Mozilla/5.0 (Windows NT 10.0; rv:78.0) Gecko/20100101 Firefox/78.0"
10.222.131.252 - - [11/Nov/2021:01:24:13 +0100] "GET /~ssah/img/logo.png HTTP/1.1" 304 - "http://clabsql.clamv.jacobs-university.de/~ssah/maintain.php" "Mozilla/5.0 (Windows NT 10.0; rv:78.0) Gecko/20100101 Firefox/78.0"
10.222.131.252 - - [11/Nov/2021:01:24:13 +0100] "GET /~ssah/styles.css HTTP/1.1" 200 4249 "http://clabsql.clamv.jacobs-university.de/~ssah/maintain.php" "Mozilla/5.0 (Windows NT 10.0; rv:78.0) Gecko/20100101 Firefox/78.0"
10.222.131.252 - - [11/Nov/2021:01:24:15 +0100] "GET /~ssah/php_scripts/php_forms/signup_form.php HTTP/1.1" 200 4945 "http://clabsql.clamv.jacobs-university.de/~ssah/maintain.php" "Mozilla/5.0 (Windows NT 10.0; rv:78.0) Gecko/20100101 Firefox/78.0"
10.82.56.160 - - [11/Nov/2021:01:24:16 +0100] "-" 408 - "-" "-"
10.222.131.252 - - [11/Nov/2021:01:24:21 +0100] "GET /~ssah/maintain.php HTTP/1.1" 200 3498 "http://clabsql.clamv.jacobs-university.de/~ssah/index.php" "Mozilla/5.0 (Windows NT 10.0; rv:78.0) Gecko/20100101 Firefox/78.0"
10.222.131.252 - - [11/Nov/2021:01:24:24 +0100] "GET /~ssah/php_scripts/php_forms/orders_form.php HTTP/1.1" 200 5038 "http://clabsql.clamv.jacobs-university.de/~ssah/maintain.php" "Mozilla/5.0 (Windows NT 10.0; rv:78.0) Gecko/20100101 Firefox/78.0"
10.222.131.252 - - [11/Nov/2021:01:24:26 +0100] "GET /~ssah/maintain.php HTTP/1.1" 200 3498 "http://clabsql.clamv.jacobs-university.de/~ssah/index.php" "Mozilla/5.0 (Windows NT 10.0; rv:78.0) Gecko/20100101 Firefox/78.0"
10.222.131.252 - - [11/Nov/2021:01:24:28 +0100] "GET /~ssah/php_scripts/php_forms/book_form.php HTTP/1.1" 200 7375 "http://clabsql.clamv.jacobs-university.de/~ssah/maintain.php" "Mozilla/5.0 (Windows NT 10.0; rv:78.0) Gecko/20100101 Firefox/78.0"
10.82.55.89 - - [11/Nov/2021:01:38:32 +0100] "GET /~ahuseynli/22.html HTTP/1.1" 200 1231 "-" "Mozilla/5.0 (X11; Ubuntu; Linux x86_64; rv:94.0) Gecko/20100101 Firefox/94.0"
10.82.55.89 - - [11/Nov/2021:01:38:32 +0100] "GET /~ahuseynli/style2.css HTTP/1.1" 304 - "http://clabsql.clamv.jacobs-university.de/~ahuseynli/22.html" "Mozilla/5.0 (X11; Ubuntu; Linux x86_64; rv:94.0) Gecko/20100101 Firefox/94.0"
10.82.55.89 - - [11/Nov/2021:01:38:32 +0100] "GET /~ahuseynli/images/flc_design2021102110474%20(1).png HTTP/1.1" 304 - "http://clabsql.clamv.jacobs-university.de/~ahuseynli/22.html" "Mozilla/5.0 (X11; Ubuntu; Linux x86_64; rv:94.0) Gecko/20100101 Firefox/94.0"
10.82.55.89 - - [11/Nov/2021:01:38:32 +0100] "GET /~ahuseynli/images/mainPageBck.jpg HTTP/1.1" 200 30504 "http://clabsql.clamv.jacobs-university.de/~ahuseynli/style2.css" "Mozilla/5.0 (X11; Ubuntu; Linux x86_64; rv:94.0) Gecko/20100101 Firefox/94.0"
10.82.207.134 - - [11/Nov/2021:01:38:51 +0100] "GET /~ahuseynli/22.html HTTP/1.1" 200 1231 "-" "Mozilla/5.0 (Windows NT 10.0; Win64; x64) AppleWebKit/537.36 (KHTML, like Gecko) Chrome/95.0.4638.69 Safari/537.36"
10.82.207.134 - - [11/Nov/2021:01:38:51 +0100] "GET /~ahuseynli/style2.css HTTP/1.1" 200 2698 "http://clabsql.clamv.jacobs-university.de/~ahuseynli/22.html" "Mozilla/5.0 (Windows NT 10.0; Win64; x64) AppleWebKit/537.36 (KHTML, like Gecko) Chrome/95.0.4638.69 Safari/537.36 FirePHP/0.5"
10.82.207.134 - - [11/Nov/2021:01:38:51 +0100] "GET /~ahuseynli/images/flc_design2021102110474%20(1).png HTTP/1.1" 200 3993 "http://clabsql.clamv.jacobs-university.de/~ahuseynli/22.html" "Mozilla/5.0 (Windows NT 10.0; Win64; x64) AppleWebKit/537.36 (KHTML, like Gecko) Chrome/95.0.4638.69 Safari/537.36 FirePHP/0.5"
10.82.207.134 - - [11/Nov/2021:01:38:51 +0100] "GET /~ahuseynli/images/mainPageBck.jpg HTTP/1.1" 200 30504 "http://clabsql.clamv.jacobs-university.de/~ahuseynli/style2.css" "Mozilla/5.0 (Windows NT 10.0; Win64; x64) AppleWebKit/537.36 (KHTML, like Gecko) Chrome/95.0.4638.69 Safari/537.36 FirePHP/0.5"
10.82.211.12 - - [11/Nov/2021:01:38:57 +0100] "-" 408 -
10.82.207.134 - - [11/Nov/2021:01:39:07 +0100] "GET /~ahuseynli/contact.html HTTP/1.1" 200 619 "http://clabsql.clamv.jacobs-university.de/~ahuseynli/22.html" "Mozilla/5.0 (Windows NT 10.0; Win64; x64) AppleWebKit/537.36 (KHTML, like Gecko) Chrome/95.0.4638.69 Safari/537.36 FirePHP/0.5"
10.82.207.134 - - [11/Nov/2021:01:39:07 +0100] "GET /~ahuseynli/images/adminBcK.jpg HTTP/1.1" 200 20897 "http://clabsql.clamv.jacobs-university.de/~ahuseynli/style2.css" "Mozilla/5.0 (Windows NT 10.0; Win64; x64) AppleWebKit/537.36 (KHTML, like Gecko) Chrome/95.0.4638.69 Safari/537.36 FirePHP/0.5"
10.82.207.134 - - [11/Nov/2021:01:39:08 +0100] "GET /~ahuseynli/user.html HTTP/1.1" 200 1902 "http://clabsql.clamv.jacobs-university.de/~ahuseynli/contact.html" "Mozilla/5.0 (Windows NT 10.0; Win64; x64) AppleWebKit/537.36 (KHTML, like Gecko) Chrome/95.0.4638.69 Safari/537.36 FirePHP/0.5"
10.82.207.134 - - [11/Nov/2021:01:39:14 +0100] "POST /~ahuseynli/connect.php HTTP/1.1" 200 26 "http://clabsql.clamv.jacobs-university.de/~ahuseynli/user.html" "Mozilla/5.0 (Windows NT 10.0; Win64; x64) AppleWebKit/537.36 (KHTML, like Gecko) Chrome/95.0.4638.69 Safari/537.36 FirePHP/0.5"
10.82.207.134 - - [11/Nov/2021:01:39:33 +0100] "GET /~ahuseynli/ HTTP/1.1" 200 2587 "-" "Mozilla/5.0 (Windows NT 10.0; Win64; x64) AppleWebKit/537.36 (KHTML, like Gecko) Chrome/95.0.4638.69 Safari/537.36 FirePHP/0.5"
10.82.207.134 - - [11/Nov/2021:01:39:33 +0100] "GET /icons/back.gif HTTP/1.1" 200 216 "http://clabsql.clamv.jacobs-university.de/~ahuseynli/" "Mozilla/5.0 (Windows NT 10.0; Win64; x64) AppleWebKit/537.36 (KHTML, like Gecko) Chrome/95.0.4638.69 Safari/537.36 FirePHP/0.5"
10.82.207.134 - - [11/Nov/2021:01:39:33 +0100] "GET /icons/text.gif HTTP/1.1" 200 229 "http://clabsql.clamv.jacobs-university.de/~ahuseynli/" "Mozilla/5.0 (Windows NT 10.0; Win64; x64) AppleWebKit/537.36 (KHTML, like Gecko) Chrome/95.0.4638.69 Safari/537.36 FirePHP/0.5"
10.82.207.134 - - [11/Nov/2021:01:39:33 +0100] "GET /icons/blank.gif HTTP/1.1" 200 148 "http://clabsql.clamv.jacobs-university.de/~ahuseynli/" "Mozilla/5.0 (Windows NT 10.0; Win64; x64) AppleWebKit/537.36 (KHTML, like Gecko) Chrome/95.0.4638.69 Safari/537.36 FirePHP/0.5"
10.82.207.134 - - [11/Nov/2021:01:39:33 +0100] "GET /icons/folder.gif HTTP/1.1" 200 225 "http://clabsql.clamv.jacobs-university.de/~ahuseynli/" "Mozilla/5.0 (Windows NT 10.0; Win64; x64) AppleWebKit/537.36 (KHTML, like Gecko) Chrome/95.0.4638.69 Safari/537.36 FirePHP/0.5"
10.82.207.134 - - [11/Nov/2021:01:39:33 +0100] "GET /icons/unknown.gif HTTP/1.1" 200 245 "http://clabsql.clamv.jacobs-university.de/~ahuseynli/" "Mozilla/5.0 (Windows NT 10.0; Win64; x64) AppleWebKit/537.36 (KHTML, like Gecko) Chrome/95.0.4638.69 Safari/537.36 FirePHP/0.5"
10.82.207.134 - - [11/Nov/2021:01:39:36 +0100] "GET /~ahuseynli/music.html HTTP/1.1" 200 1991 "http://clabsql.clamv.jacobs-university.de/~ahuseynli/" "Mozilla/5.0 (Windows NT 10.0; Win64; x64) AppleWebKit/537.36 (KHTML, like Gecko) Chrome/95.0.4638.69 Safari/537.36 FirePHP/0.5"
10.82.207.134 - - [11/Nov/2021:01:39:39 +0100] "GET /~ahuseynli/user HTTP/1.1" 403 996 "http://clabsql.clamv.jacobs-university.de/~ahuseynli/" "Mozilla/5.0 (Windows NT 10.0; Win64; x64) AppleWebKit/537.36 (KHTML, like Gecko) Chrome/95.0.4638.69 Safari/537.36 FirePHP/0.5"
10.82.207.134 - - [11/Nov/2021:01:40:15 +0100] "-" 408 - "-" "-"
10.82.211.12 - - [11/Nov/2021:01:40:18 +0100] "-" 408 -
10.82.211.12 - - [11/Nov/2021:01:41:28 +0100] "-" 408 -
10.82.56.160 - - [11/Nov/2021:01:44:11 +0100] "GET /~asavu/search.php HTTP/1.1" 200 849 "http://clabsql.clamv.jacobs-university.de/~asavu/index.php" "Mozilla/5.0 (Windows NT 10.0; Win64; x64) AppleWebKit/537.36 (KHTML, like Gecko) Chrome/95.0.4638.69 Safari/537.36"
10.82.56.160 - - [11/Nov/2021:01:44:12 +0100] "GET /~asavu/style3.css HTTP/1.1" 304 - "http://clabsql.clamv.jacobs-university.de/~asavu/search.php" "Mozilla/5.0 (Windows NT 10.0; Win64; x64) AppleWebKit/537.36 (KHTML, like Gecko) Chrome/95.0.4638.69 Safari/537.36"
10.82.56.160 - - [11/Nov/2021:01:44:13 +0100] "GET /~asavu/search_by_name.php HTTP/1.1" 200 783 "http://clabsql.clamv.jacobs-university.de/~asavu/search.php" "Mozilla/5.0 (Windows NT 10.0; Win64; x64) AppleWebKit/537.36 (KHTML, like Gecko) Chrome/95.0.4638.69 Safari/537.36"
10.82.56.160 - - [11/Nov/2021:01:44:13 +0100] "GET /~asavu/style2.css HTTP/1.1" 304 - "http://clabsql.clamv.jacobs-university.de/~asavu/search_by_name.php" "Mozilla/5.0 (Windows NT 10.0; Win64; x64) AppleWebKit/537.36 (KHTML, like Gecko) Chrome/95.0.4638.69 Safari/537.36"
10.82.56.160 - - [11/Nov/2021:01:44:15 +0100] "GET /~asavu/action_name.php?recipe_name=egg&submit=Search%21 HTTP/1.1" 200 721 "http://clabsql.clamv.jacobs-university.de/~asavu/search_by_name.php" "Mozilla/5.0 (Windows NT 10.0; Win64; x64) AppleWebKit/537.36 (KHTML, like Gecko) Chrome/95.0.4638.69 Safari/537.36"
10.82.56.160 - - [11/Nov/2021:01:44:17 +0100] "GET /~asavu/index.php HTTP/1.1" 200 4702 "http://clabsql.clamv.jacobs-university.de/~asavu/action_name.php?recipe_name=egg&submit=Search%21" "Mozilla/5.0 (Windows NT 10.0; Win64; x64) AppleWebKit/537.36 (KHTML, like Gecko) Chrome/95.0.4638.69 Safari/537.36"
10.82.56.160 - - [11/Nov/2021:01:44:17 +0100] "GET /~asavu/script.js HTTP/1.1" 404 1207 "http://clabsql.clamv.jacobs-university.de/~asavu/index.php" "Mozilla/5.0 (Windows NT 10.0; Win64; x64) AppleWebKit/537.36 (KHTML, like Gecko) Chrome/95.0.4638.69 Safari/537.36"
10.82.56.160 - - [11/Nov/2021:01:44:21 +0100] "GET /~asavu/search.php HTTP/1.1" 200 849 "http://clabsql.clamv.jacobs-university.de/~asavu/index.php" "Mozilla/5.0 (Windows NT 10.0; Win64; x64) AppleWebKit/537.36 (KHTML, like Gecko) Chrome/95.0.4638.69 Safari/537.36"
10.82.56.160 - - [11/Nov/2021:01:44:22 +0100] "GET /~asavu/search_by_name.php HTTP/1.1" 200 783 "http://clabsql.clamv.jacobs-university.de/~asavu/search.php" "Mozilla/5.0 (Windows NT 10.0; Win64; x64) AppleWebKit/537.36 (KHTML, like Gecko) Chrome/95.0.4638.69 Safari/537.36"
10.82.56.160 - - [11/Nov/2021:01:44:25 +0100] "GET /~asavu/action_name.php?recipe_name=%3C%3Fphp++%24host+%3D+%27localhost%27%3B+%24db+++%3D+%27group9%27%3B+%24user+%3D+%27group9read_only%27%3B+%24pass+%3D+%27xNs1UQ%27%3B+%24charset+%3D+%27utf8mb4%27%3B++%24dsn+%3D+%22mysql%3Ahost%3D%24host%3Bdbname%3D%24db%3Bcharset%3D%24charset%22%3B+%24options+%3D+%5B+++++PDO%3A%3AATTR_ERRMODE++++++++++++%3D%3E+PDO%3A%3AERRMODE_EXCEPTION%2C+++++PDO%3A%3AATTR_DEFAULT_FETCH_MODE+%3D%3E+PDO%3A%3AFETCH_ASSOC%2C+++++PDO%3A%3AATTR_EMULATE_PREPARES+++%3D%3E+false%2C+%5D%3B+++++++%24pdo+%3D+new+PDO%28%24dsn%2C+%24user%2C+%24pass%2C+%24options%29%3B+%3F%3E&submit=Search%21 HTTP/1.1" 200 630 "http://clabsql.clamv.jacobs-university.de/~asavu/search_by_name.php" "Mozilla/5.0 (Windows NT 10.0; Win64; x64) AppleWebKit/537.36 (KHTML, like Gecko) Chrome/95.0.4638.69 Safari/537.36"
10.82.56.160 - - [11/Nov/2021:01:44:28 +0100] "GET /~asavu/search_by_name.php HTTP/1.1" 200 783 "http://clabsql.clamv.jacobs-university.de/~asavu/action_name.php?recipe_name=%3C%3Fphp++%24host+%3D+%27localhost%27%3B+%24db+++%3D+%27group9%27%3B+%24user+%3D+%27group9read_only%27%3B+%24pass+%3D+%27xNs1UQ%27%3B+%24charset+%3D+%27utf8mb4%27%3B++%24dsn+%3D+%22mysql%3Ahost%3D%24host%3Bdbname%3D%24db%3Bcharset%3D%24charset%22%3B+%24options+%3D+%5B+++++PDO%3A%3AATTR_ERRMODE++++++++++++%3D%3E+PDO%3A%3AERRMODE_EXCEPTION%2C+++++PDO%3A%3AATTR_DEFAULT_FETCH_MODE+%3D%3E+PDO%3A%3AFETCH_ASSOC%2C+++++PDO%3A%3AATTR_EMULATE_PREPARES+++%3D%3E+false%2C+%5D%3B+++++++%24pdo+%3D+new+PDO%28%24dsn%2C+%24user%2C+%24pass%2C+%24options%29%3B+%3F%3E&submit=Search%21" "Mozilla/5.0 (Windows NT 10.0; Win64; x64) AppleWebKit/537.36 (KHTML, like Gecko) Chrome/95.0.4638.69 Safari/537.36"
10.82.56.160 - - [11/Nov/2021:01:44:35 +0100] "GET /~asavu/action_name.php?recipe_name=%27%3B+SELECT+*+FROM+User%3B+--&submit=Search%21 HTTP/1.1" 200 630 "http://clabsql.clamv.jacobs-university.de/~asavu/search_by_name.php" "Mozilla/5.0 (Windows NT 10.0; Win64; x64) AppleWebKit/537.36 (KHTML, like Gecko) Chrome/95.0.4638.69 Safari/537.36"
10.82.56.160 - - [11/Nov/2021:01:44:51 +0100] "GET /~asavu/search.php HTTP/1.1" 200 849 "http://clabsql.clamv.jacobs-university.de/~asavu/action_name.php?recipe_name=%27%3B+SELECT+*+FROM+User%3B+--&submit=Search%21" "Mozilla/5.0 (Windows NT 10.0; Win64; x64) AppleWebKit/537.36 (KHTML, like Gecko) Chrome/95.0.4638.69 Safari/537.36"
10.82.56.160 - - [11/Nov/2021:01:44:54 +0100] "GET /~asavu/search_by_name.php HTTP/1.1" 200 783 "http://clabsql.clamv.jacobs-university.de/~asavu/search.php" "Mozilla/5.0 (Windows NT 10.0; Win64; x64) AppleWebKit/537.36 (KHTML, like Gecko) Chrome/95.0.4638.69 Safari/537.36"
10.82.56.160 - - [11/Nov/2021:01:44:56 +0100] "GET /~asavu/action_name.php?recipe_name=%27%3B+SELECT+*+FROM+user%3B+--&submit=Search%21 HTTP/1.1" 200 630 "http://clabsql.clamv.jacobs-university.de/~asavu/search_by_name.php" "Mozilla/5.0 (Windows NT 10.0; Win64; x64) AppleWebKit/537.36 (KHTML, like Gecko) Chrome/95.0.4638.69 Safari/537.36"
10.82.56.160 - - [11/Nov/2021:01:45:24 +0100] "GET /~asavu/search.php HTTP/1.1" 200 849 "http://clabsql.clamv.jacobs-university.de/~asavu/action_name.php?recipe_name=%27%3B+SELECT+*+FROM+user%3B+--&submit=Search%21" "Mozilla/5.0 (Windows NT 10.0; Win64; x64) AppleWebKit/537.36 (KHTML, like Gecko) Chrome/95.0.4638.69 Safari/537.36"
10.82.56.160 - - [11/Nov/2021:01:45:57 +0100] "GET /~asavu/search_by_name.php HTTP/1.1" 200 783 "http://clabsql.clamv.jacobs-university.de/~asavu/search.php" "Mozilla/5.0 (Windows NT 10.0; Win64; x64) AppleWebKit/537.36 (KHTML, like Gecko) Chrome/95.0.4638.69 Safari/537.36"
10.82.56.160 - - [11/Nov/2021:01:46:00 +0100] "GET /~asavu/action_name.php?recipe_name=%27%3B+DROP+TABLE+test%3B+--&submit=Search%21 HTTP/1.1" 200 630 "http://clabsql.clamv.jacobs-university.de/~asavu/search_by_name.php" "Mozilla/5.0 (Windows NT 10.0; Win64; x64) AppleWebKit/537.36 (KHTML, like Gecko) Chrome/95.0.4638.69 Safari/537.36"
10.82.211.12 - - [11/Nov/2021:01:46:15 +0100] "GET /~btafa/about.html HTTP/1.1" 404 1016
10.82.211.12 - - [11/Nov/2021:01:46:18 +0100] "GET /~btafa/updates.html HTTP/1.1" 404 1016
10.82.211.12 - - [11/Nov/2021:01:46:21 +0100] "GET /~btafa/contact.html HTTP/1.1" 404 1016
10.82.56.160 - - [11/Nov/2021:01:46:22 +0100] "GET /~asavu/search.php HTTP/1.1" 200 849 "http://clabsql.clamv.jacobs-university.de/~asavu/action_name.php?recipe_name=%27%3B+DROP+TABLE+test%3B+--&submit=Search%21" "Mozilla/5.0 (Windows NT 10.0; Win64; x64) AppleWebKit/537.36 (KHTML, like Gecko) Chrome/95.0.4638.69 Safari/537.36"
10.82.211.12 - - [11/Nov/2021:01:46:23 +0100] "GET /~btafa/about.html HTTP/1.1" 404 1016
10.82.56.160 - - [11/Nov/2021:01:46:27 +0100] "GET /~asavu/search_by_name.php HTTP/1.1" 200 783 "http://clabsql.clamv.jacobs-university.de/~asavu/search.php" "Mozilla/5.0 (Windows NT 10.0; Win64; x64) AppleWebKit/537.36 (KHTML, like Gecko) Chrome/95.0.4638.69 Safari/537.36"
10.82.56.160 - - [11/Nov/2021:01:46:32 +0100] "GET /~asavu/action_name.php?recipe_name=%27%3B+DROP+TABLE+test%3B+--&submit=Search%21 HTTP/1.1" 200 630 "http://clabsql.clamv.jacobs-university.de/~asavu/search_by_name.php" "Mozilla/5.0 (Windows NT 10.0; Win64; x64) AppleWebKit/537.36 (KHTML, like Gecko) Chrome/95.0.4638.69 Safari/537.36"
10.82.211.12 - - [11/Nov/2021:01:46:53 +0100] "GET /~btafa/about.html HTTP/1.1" 404 1016
10.82.56.160 - - [11/Nov/2021:01:47:04 +0100] "-" 408 - "-" "-"
10.82.56.160 - - [11/Nov/2021:01:56:11 +0100] "GET /~asavu/search_by_name.php HTTP/1.1" 200 783 "http://clabsql.clamv.jacobs-university.de/~asavu/action_name.php?recipe_name=%27%3B+DROP+TABLE+test%3B+--&submit=Search%21" "Mozilla/5.0 (Windows NT 10.0; Win64; x64) AppleWebKit/537.36 (KHTML, like Gecko) Chrome/95.0.4638.69 Safari/537.36"
10.82.56.160 - - [11/Nov/2021:01:56:12 +0100] "GET /~asavu/style2.css HTTP/1.1" 304 - "http://clabsql.clamv.jacobs-university.de/~asavu/search_by_name.php" "Mozilla/5.0 (Windows NT 10.0; Win64; x64) AppleWebKit/537.36 (KHTML, like Gecko) Chrome/95.0.4638.69 Safari/537.36"
10.82.56.160 - - [11/Nov/2021:01:56:13 +0100] "GET /~asavu/action_name.php?recipe_name=egg&submit=Search%21 HTTP/1.1" 200 721 "http://clabsql.clamv.jacobs-university.de/~asavu/search_by_name.php" "Mozilla/5.0 (Windows NT 10.0; Win64; x64) AppleWebKit/537.36 (KHTML, like Gecko) Chrome/95.0.4638.69 Safari/537.36"
10.82.56.160 - - [11/Nov/2021:01:56:17 +0100] "GET /~asavu/search.php HTTP/1.1" 200 849 "http://clabsql.clamv.jacobs-university.de/~asavu/action_name.php?recipe_name=egg&submit=Search%21" "Mozilla/5.0 (Windows NT 10.0; Win64; x64) AppleWebKit/537.36 (KHTML, like Gecko) Chrome/95.0.4638.69 Safari/537.36"
10.82.56.160 - - [11/Nov/2021:01:56:17 +0100] "GET /~asavu/style3.css HTTP/1.1" 304 - "http://clabsql.clamv.jacobs-university.de/~asavu/search.php" "Mozilla/5.0 (Windows NT 10.0; Win64; x64) AppleWebKit/537.36 (KHTML, like Gecko) Chrome/95.0.4638.69 Safari/537.36"
10.82.56.160 - - [11/Nov/2021:01:56:19 +0100] "GET /~asavu/search_by_name.php HTTP/1.1" 200 783 "http://clabsql.clamv.jacobs-university.de/~asavu/search.php" "Mozilla/5.0 (Windows NT 10.0; Win64; x64) AppleWebKit/537.36 (KHTML, like Gecko) Chrome/95.0.4638.69 Safari/537.36"
10.82.56.160 - - [11/Nov/2021:01:56:21 +0100] "GET /~asavu/action_name.php?recipe_name=Banana&submit=Search%21 HTTP/1.1" 200 638 "http://clabsql.clamv.jacobs-university.de/~asavu/search_by_name.php" "Mozilla/5.0 (Windows NT 10.0; Win64; x64) AppleWebKit/537.36 (KHTML, like Gecko) Chrome/95.0.4638.69 Safari/537.36"
10.82.56.160 - - [11/Nov/2021:01:56:24 +0100] "GET /~asavu/index.php HTTP/1.1" 200 4702 "http://clabsql.clamv.jacobs-university.de/~asavu/action_name.php?recipe_name=Banana&submit=Search%21" "Mozilla/5.0 (Windows NT 10.0; Win64; x64) AppleWebKit/537.36 (KHTML, like Gecko) Chrome/95.0.4638.69 Safari/537.36"
10.82.56.160 - - [11/Nov/2021:01:56:24 +0100] "GET /~asavu/script.js HTTP/1.1" 404 1207 "http://clabsql.clamv.jacobs-university.de/~asavu/index.php" "Mozilla/5.0 (Windows NT 10.0; Win64; x64) AppleWebKit/537.36 (KHTML, like Gecko) Chrome/95.0.4638.69 Safari/537.36"
10.82.56.160 - - [11/Nov/2021:01:56:26 +0100] "GET /~asavu/submission.php HTTP/1.1" 302 1891 "http://clabsql.clamv.jacobs-university.de/~asavu/index.php" "Mozilla/5.0 (Windows NT 10.0; Win64; x64) AppleWebKit/537.36 (KHTML, like Gecko) Chrome/95.0.4638.69 Safari/537.36"
10.82.56.160 - - [11/Nov/2021:01:56:26 +0100] "GET /~asavu/login_admin.php HTTP/1.1" 200 1116 "http://clabsql.clamv.jacobs-university.de/~asavu/index.php" "Mozilla/5.0 (Windows NT 10.0; Win64; x64) AppleWebKit/537.36 (KHTML, like Gecko) Chrome/95.0.4638.69 Safari/537.36"
10.82.56.160 - - [11/Nov/2021:01:56:53 +0100] "-" 408 - "-" "-"
10.222.131.148 - - [11/Nov/2021:01:57:13 +0100] "GET /~jbako/fixed_dbws/lindexLocation.php HTTP/1.1" 200 4862 "-" "Mozilla/5.0 (Windows NT 6.2; Win64; x64) AppleWebKit/537.36 (KHTML, like Gecko) Chrome/95.0.4638.69 Safari/537.36"
10.222.131.148 - - [11/Nov/2021:01:57:13 +0100] "GET /~jbako/fixed_dbws/project.css HTTP/1.1" 404 1247 "http://clabsql.clamv.jacobs-university.de/~jbako/fixed_dbws/lindexLocation.php" "Mozilla/5.0 (Windows NT 6.2; Win64; x64) AppleWebKit/537.36 (KHTML, like Gecko) Chrome/95.0.4638.69 Safari/537.36"
10.222.131.148 - - [11/Nov/2021:01:57:14 +0100] "GET /~jbako/fixed_dbws/project.css HTTP/1.1" 404 1247 "http://clabsql.clamv.jacobs-university.de/~jbako/fixed_dbws/lindexLocation.php" "Mozilla/5.0 (Windows NT 6.2; Win64; x64) AppleWebKit/537.36 (KHTML, like Gecko) Chrome/95.0.4638.69 Safari/537.36"
10.222.131.148 - - [11/Nov/2021:01:57:43 +0100] "GET /~jbako/fixed_dbws/project.css HTTP/1.1" 404 1247 "http://clabsql.clamv.jacobs-university.de/~jbako/fixed_dbws/lindexLocation.php" "Mozilla/5.0 (Windows NT 6.2; Win64; x64) AppleWebKit/537.36 (KHTML, like Gecko) Chrome/95.0.4638.69 Safari/537.36"
10.222.131.148 - - [11/Nov/2021:01:58:24 +0100] "-" 408 - "-" "-"
10.82.56.160 - - [11/Nov/2021:02:04:14 +0100] "GET /~asavu/index.php HTTP/1.1" 200 4702 "http://clabsql.clamv.jacobs-university.de/~asavu/login_admin.php" "Mozilla/5.0 (Windows NT 10.0; Win64; x64) AppleWebKit/537.36 (KHTML, like Gecko) Chrome/95.0.4638.69 Safari/537.36"
10.82.56.160 - - [11/Nov/2021:02:04:14 +0100] "GET /~asavu/script.js HTTP/1.1" 404 1207 "http://clabsql.clamv.jacobs-university.de/~asavu/index.php" "Mozilla/5.0 (Windows NT 10.0; Win64; x64) AppleWebKit/537.36 (KHTML, like Gecko) Chrome/95.0.4638.69 Safari/537.36"
10.82.56.160 - - [11/Nov/2021:02:04:15 +0100] "GET /~asavu/script.js HTTP/1.1" 404 1207 "http://clabsql.clamv.jacobs-university.de/~asavu/index.php" "Mozilla/5.0 (Windows NT 10.0; Win64; x64) AppleWebKit/537.36 (KHTML, like Gecko) Chrome/95.0.4638.69 Safari/537.36"
10.82.56.160 - - [11/Nov/2021:02:04:16 +0100] "GET /~asavu/submission.php HTTP/1.1" 302 1891 "http://clabsql.clamv.jacobs-university.de/~asavu/index.php" "Mozilla/5.0 (Windows NT 10.0; Win64; x64) AppleWebKit/537.36 (KHTML, like Gecko) Chrome/95.0.4638.69 Safari/537.36"
10.82.56.160 - - [11/Nov/2021:02:04:16 +0100] "GET /~asavu/login_admin.php HTTP/1.1" 200 1116 "http://clabsql.clamv.jacobs-university.de/~asavu/index.php" "Mozilla/5.0 (Windows NT 10.0; Win64; x64) AppleWebKit/537.36 (KHTML, like Gecko) Chrome/95.0.4638.69 Safari/537.36"
10.82.56.160 - - [11/Nov/2021:02:04:17 +0100] "GET /~asavu/index.php HTTP/1.1" 200 4702 "http://clabsql.clamv.jacobs-university.de/~asavu/login_admin.php" "Mozilla/5.0 (Windows NT 10.0; Win64; x64) AppleWebKit/537.36 (KHTML, like Gecko) Chrome/95.0.4638.69 Safari/537.36"
10.82.56.160 - - [11/Nov/2021:02:04:17 +0100] "GET /~asavu/script.js HTTP/1.1" 404 1207 "http://clabsql.clamv.jacobs-university.de/~asavu/index.php" "Mozilla/5.0 (Windows NT 10.0; Win64; x64) AppleWebKit/537.36 (KHTML, like Gecko) Chrome/95.0.4638.69 Safari/537.36"
10.82.56.160 - - [11/Nov/2021:02:04:19 +0100] "GET /~asavu/register.php HTTP/1.1" 200 1501 "http://clabsql.clamv.jacobs-university.de/~asavu/index.php" "Mozilla/5.0 (Windows NT 10.0; Win64; x64) AppleWebKit/537.36 (KHTML, like Gecko) Chrome/95.0.4638.69 Safari/537.36"
10.82.56.160 - - [11/Nov/2021:02:04:20 +0100] "GET /~asavu/index.php HTTP/1.1" 200 4702 "http://clabsql.clamv.jacobs-university.de/~asavu/register.php" "Mozilla/5.0 (Windows NT 10.0; Win64; x64) AppleWebKit/537.36 (KHTML, like Gecko) Chrome/95.0.4638.69 Safari/537.36"
10.82.56.160 - - [11/Nov/2021:02:04:20 +0100] "GET /~asavu/script.js HTTP/1.1" 404 1207 "http://clabsql.clamv.jacobs-university.de/~asavu/index.php" "Mozilla/5.0 (Windows NT 10.0; Win64; x64) AppleWebKit/537.36 (KHTML, like Gecko) Chrome/95.0.4638.69 Safari/537.36"
10.82.56.160 - - [11/Nov/2021:02:04:21 +0100] "GET /~asavu/search.php HTTP/1.1" 200 849 "http://clabsql.clamv.jacobs-university.de/~asavu/index.php" "Mozilla/5.0 (Windows NT 10.0; Win64; x64) AppleWebKit/537.36 (KHTML, like Gecko) Chrome/95.0.4638.69 Safari/537.36"
